C51 COMPILER V8.02   MAIN                                                                  07/22/2013 10:33:54 PAGE 1   


C51 COMPILER V8.02, COMPILATION OF MODULE MAIN
OBJECT MODULE PLACED IN main.OBJ
COMPILER INVOKED BY: e:\Keil\C51\BIN\C51.EXE main.c BROWSE DEBUG OBJECTEXTEND

line level    source

   1          /*
   2                  mcu：stc89c52
   3          */
   4          #include<reg51.h>
   5          
   6          #define ON 0
   7          #define OFF 1
   8          sbit key = P1^5;
   9          sbit sensor1 = P1^6;
  10          sbit sensor2 = P1^7;
  11          
  12          sbit FZ = P2^7;
  13          sbit ZZ = P2^4; 
  14          
  15          bit zz_time_flg = 0;
  16          
  17          bit fz_time_flg = 0;
  18          
  19          bit zz_time_start = 0;
  20          
  21          bit fz_time_start = 0;  
  22          
  23          unsigned char zz_time_count = 0;
  24          unsigned char fz_time_count = 0;
  25                           
  26          
  27          unsigned char key_pressed = 0;//保存按键按下
  28          unsigned char sensor1_flg = 0;//保存sensor1信号状态 
  29          unsigned char sensor2_flg = 0;//保存sensor1信号状态
  30          unsigned char  flg_10ms = 0;
  31          
  32          void init_timer0(void);
  33          void get_io_status(void);//获取io状态
  34          void system_handle(void);
  35          
  36          void main(void)
  37          {
  38   1              FZ = OFF;
  39   1              ZZ = OFF;
  40   1              init_timer0();
  41   1              EA = 1;
  42   1              while(1)
  43   1              {
  44   2                      if(flg_10ms)
  45   2                      {
  46   3                              flg_10ms = 0;
  47   3                              get_io_status();
  48   3      
  49   3                              if(zz_time_start)
  50   3                              {
  51   4                                      zz_time_count++;
  52   4                                      if(zz_time_count==100)
  53   4                                      {
  54   5                                               zz_time_start = 0;
  55   5                                               zz_time_count = 0;
C51 COMPILER V8.02   MAIN                                                                  07/22/2013 10:33:54 PAGE 2   

  56   5                                               zz_time_flg = 1;
  57   5                                      }
  58   4                              }
  59   3                              if(fz_time_start)
  60   3                              {
  61   4                                      fz_time_count++;
  62   4                                      if(fz_time_count==100)
  63   4                                      {
  64   5                                               fz_time_start = 0;
  65   5                                               fz_time_count = 0;
  66   5                                               fz_time_flg = 1;
  67   5                                      }
  68   4                              }
  69   3                      }
  70   2                      
  71   2                      system_handle();
  72   2              }
  73   1              
  74   1      }       
  75          void init_timer0(void)
  76          {
  77   1              TMOD |=0x01 ;//定时器0工作在方式一
  78   1              TH0 = 0xdc;//11.0592
  79   1              TL0 = 0x00;
  80   1      
  81   1              ET0 = 1;  //使能定时器0中断
  82   1              TR0 =1;  //启动定时器0
  83   1      
  84   1      }
  85          
  86          void timer0_isr(void) interrupt 1
  87          {
  88   1      
  89   1              TH0 = 0xdc;//11.0592
  90   1              TL0 = 0x00;
  91   1      
  92   1          flg_10ms = 1;
  93   1              //update_all_timers();
  94   1      
  95   1      }
  96          void get_io_status(void)//获取io状态
  97          {
  98   1      static unsigned char key_state = 1;
  99   1      static unsigned char key_pressed_count = 0;
 100   1      static unsigned char key_release_count = 0;
 101   1      
 102   1      static unsigned char sensor1_state = 1;
 103   1      static unsigned char sensor1_pressed_count = 0;
 104   1      static unsigned char sensor1_release_count = 0;
 105   1      
 106   1      static unsigned char sensor2_state = 1;
 107   1      static unsigned char sensor2_pressed_count = 0;
 108   1      static unsigned char sensor2_release_count = 0;
 109   1       
 110   1      //key button =================================
 111   1              switch(key_state)
 112   1              {
 113   2                      case 1://检查低电平
 114   2                              key = 1;
 115   2                              if(key==0)//按键按下
 116   2                              {
 117   3                                      key_pressed_count++;
C51 COMPILER V8.02   MAIN                                                                  07/22/2013 10:33:54 PAGE 3   

 118   3                                      if(key_pressed_count==10)
 119   3                                      {
 120   4                                              key_pressed = 1;
 121   4                                              key_pressed_count = 0;
 122   4                                      }       
 123   3                              }
 124   2                              else
 125   2                              {
 126   3                                      key_state = 2;
 127   3                                      key_pressed_count = 0;
 128   3                                      key_release_count = 0;
 129   3              
 130   3                              }       
 131   2                      break;
 132   2                      case 2:
 133   2                              key = 1;
 134   2                              if(key)//按键按下
 135   2                              {
 136   3                                      key_release_count++;
 137   3                                      if(key_release_count==10)
 138   3                                      {
 139   4                                              key_pressed = 0;
 140   4                                              key_release_count = 0;
 141   4                                      }       
 142   3                              }
 143   2                              else
 144   2                              {
 145   3                                      key_state = 1;
 146   3                                      key_pressed_count = 0;
 147   3                                      key_release_count = 0;
 148   3              
 149   3                              }
 150   2                      break;
 151   2                      default:
 152   2                              key_state = 1;
 153   2                      break;  
 154   2              }
 155   1      //key button =================================
 156   1      
 157   1      //sensor1=====================================
 158   1              switch(sensor1_state)
 159   1              {
 160   2                      case 1:
 161   2                              sensor1 =1;
 162   2                              if(sensor1==0)//低电平信号有效
 163   2                              {
 164   3                                      sensor1_pressed_count++;
 165   3                                      if(sensor1_pressed_count==5)
 166   3                                      {
 167   4                                              sensor1_flg = 1;
 168   4                                              sensor1_pressed_count = 0;      
 169   4                                      }
 170   3                              }
 171   2                              else
 172   2                              {
 173   3                                      sensor1_state = 2;
 174   3                                      sensor1_pressed_count = 0;      
 175   3                                      sensor1_release_count = 0;      
 176   3                              }
 177   2                      break;
 178   2                      case 2:
 179   2                              sensor1 =1;
C51 COMPILER V8.02   MAIN                                                                  07/22/2013 10:33:54 PAGE 4   

 180   2                              if(sensor1)
 181   2                              {
 182   3                                      sensor1_release_count++;
 183   3                                      if(sensor1_release_count==5)
 184   3                                      {
 185   4                                              sensor1_flg = 0;
 186   4                                              sensor1_release_count = 0;      
 187   4                                      }
 188   3                              }
 189   2                              else
 190   2                              {
 191   3                                      sensor1_state = 1;
 192   3                                      sensor1_pressed_count = 0;      
 193   3                                      sensor1_release_count = 0;                              
 194   3                              }
 195   2                      break;
 196   2                      default:
 197   2                              sensor1_state = 1;
 198   2                      break;
 199   2              }
 200   1      //sensor1=====================================
 201   1      
 202   1      //sensor2=====================================
 203   1              switch(sensor2_state)
 204   1              {
 205   2                      case 1:
 206   2                              sensor2 =1;
 207   2                              if(sensor2==0)//低电平信号有效
 208   2                              {
 209   3                                      sensor2_pressed_count++;
 210   3                                      if(sensor2_pressed_count==5)
 211   3                                      {
 212   4                                              sensor2_flg = 1;
 213   4                                              sensor2_pressed_count = 0;      
 214   4                                      }
 215   3                              }
 216   2                              else
 217   2                              {
 218   3                                      sensor2_state = 2;
 219   3                                      sensor2_pressed_count = 0;      
 220   3                                      sensor2_release_count = 0;      
 221   3                              }
 222   2                      break;
 223   2                      case 2:
 224   2                              sensor2 =1;
 225   2                              if(sensor2)
 226   2                              {
 227   3                                      sensor2_release_count++;
 228   3                                      if(sensor2_release_count==5)
 229   3                                      {
 230   4                                              sensor2_flg = 0;
 231   4                                              sensor2_release_count = 0;      
 232   4                                      }
 233   3                              }
 234   2                              else
 235   2                              {
 236   3                                      sensor2_state = 1;
 237   3                                      sensor2_pressed_count = 0;      
 238   3                                      sensor2_release_count = 0;                              
 239   3                              }
 240   2                      break;
 241   2                      default:
C51 COMPILER V8.02   MAIN                                                                  07/22/2013 10:33:54 PAGE 5   

 242   2                              sensor2_state = 1;
 243   2                      break;
 244   2              }
 245   1      //sensor2=====================================  
 246   1      }
 247          
 248          void system_handle(void)
 249          {
 250   1              static unsigned char key_system_state = 1;
 251   1              static unsigned char pos = 1;
 252   1              static unsigned char  en_motor_run = 0;
 253   1              switch(key_system_state)
 254   1              {
 255   2                      case 1://等待按键按下
 256   2                              if(key_pressed)//按键按下了
 257   2                              {
 258   3                                      key_system_state = 2;
 259   3                              }               
 260   2                      break;
 261   2                      case 2:
 262   2                              if(key_pressed==0)//等待按键松开
 263   2                              {
 264   3                                      zz_time_flg = 0;
 265   3                                      fz_time_flg = 0;
 266   3                                      en_motor_run = 1;
 267   3                                      key_system_state = 1;
 268   3                              }
 269   2                      break;
 270   2                      default:
 271   2                              key_system_state = 1;   
 272   2                      break;
 273   2                      
 274   2              }
 275   1      
 276   1      
 277   1              if(en_motor_run)//允许电机转动
 278   1              {
 279   2                      switch(pos)
 280   2                      {
 281   3                              case 1://此时默认电机停止在传感器sensor1位置处 正转到sensor2处
 282   3                                      ZZ = ON;//电机开始正转
 283   3                                      zz_time_start = 1;
 284   3                                      if(zz_time_flg)
 285   3                                      {
 286   4                                              zz_time_start = 0;      
 287   4                                      }
 288   3                                      if(sensor1_flg||zz_time_flg)//正转到sensor2处
 289   3                                      {
 290   4                                              ZZ = OFF;//正转停止
 291   4                                              en_motor_run = 0;
 292   4                                              pos = 2;
 293   4                                      }
 294   3                              break;
 295   3                              case 2://此时默认电机停止在传感器sensor2位置处 反转到sensor1处
 296   3                                      FZ = ON;//电机开始反转
 297   3                                      fz_time_start = 1;
 298   3                                      if(fz_time_flg)
 299   3                                      {
 300   4                                              fz_time_start = 0;      
 301   4                                      }
 302   3                                      if(sensor2_flg||fz_time_flg)//反转到sensor1处
 303   3                                      {
C51 COMPILER V8.02   MAIN                                                                  07/22/2013 10:33:54 PAGE 6   

 304   4                                              FZ = OFF;//反转停止
 305   4                                              en_motor_run = 0;
 306   4                                              pos = 1;
 307   4                                      }                       
 308   3                              break;
 309   3                              default:
 310   3                                      pos = 1;                        
 311   3                              break;
 312   3                      }               
 313   2              }
 314   1      
 315   1      }
 316          
 317          
 318          
 319          
 320          
 321          


MODULE INFORMATION:   STATIC OVERLAYABLE
   CODE SIZE        =    377    ----
   CONSTANT SIZE    =   ----    ----
   XDATA SIZE       =   ----    ----
   PDATA SIZE       =   ----    ----
   DATA SIZE        =     18    ----
   IDATA SIZE       =   ----    ----
   BIT SIZE         =      4    ----
END OF MODULE INFORMATION.


C51 COMPILATION COMPLETE.  0 WARNING(S),  0 ERROR(S)
