C51 COMPILER V8.02   UART                                                                  05/27/2013 10:51:12 PAGE 1   


C51 COMPILER V8.02, COMPILATION OF MODULE UART
OBJECT MODULE PLACED IN uart.OBJ
COMPILER INVOKED BY: e:\Keil\C51\BIN\C51.EXE uart.c BROWSE DEBUG OBJECTEXTEND

line level    source

   1          #include<reg51.h>
   2          #include"uart.h"
   3          //----------------------------
   4          void init_uart(void)
   5          {
   6   1              //*
   7   1              //该部分适用于普通51 如AT89S51系列单片机
   8   1              //波特率为9600@11.0592M
   9   1              TMOD|=0x20;  //TMOD=0010 0000B，定时器T1工作于方式2 
  10   1              SCON|=0x50;  //SCON=0101 0000B，串口工作方式1
  11   1              TH1=0xfd;    //根据规定给定时器T1赋初值
  12   1              TL1=0xfd;    //根据规定给定时器T1赋初值
  13   1              TR1=1;      //启动定时器T1
  14   1              ES = 1;         //允许串口中断 
  15   1              //EA = 1;       
  16   1              //*/
  17   1      
  18   1        //------------------------------------
  19   1      
  20   1         /*
  21   1                                                                                        
  22   1         //该部分适用于12C5A60S2双串口单片机 
  23   1         //使用串口2 TXD RXD从P1口映射到P4.2 P4.3端口上  
  24   1         //独立比特率发生器 波特率为9600@11.0592M
  25   1      
  26   1              AUXR1 = AUXR1|0X10;//通讯口由P1切换到P4口
  27   1      
  28   1              S2CON    =   0x50;   //0101,0000 8位可变波特率，无奇偶校验位,允许接收
  29   1       
  30   1              BRT     =       0xfd;
  31   1      
  32   1              AUXR=0x10; // T0x12,T1x12,UART_M0x6,BRTR,S2SMOD,BRTx12,EXTRAM,S1BRS     
  33   1      
  34   1              IE2     = 0x01; //允许串口2中断,ES2=1
  35   1      
  36   1        
  37   1              PCON &= 0x7f;           //波特率不倍速
  38   1              SCON = 0x50;            //8位数据,可变波特率
  39   1              BRT = 0xDC;             //设定独立波特率发生器重装值
  40   1              AUXR |= 0x04;           //独立波特率发生器时钟为Fosc,即1T
  41   1              AUXR |= 0x01;           //串口1选择独立波特率发生器为波特率发生器
  42   1              AUXR |= 0x10;           //启动独立波特率发生器
  43   1              ES = 1;         //允许串口中断  */
  44   1        //------------------------------------
  45   1      }
  46          
  47          void uart_send_char(unsigned char i)
  48          {
  49   1              ///*
  50   1              //该部分适用于普通51 如AT89S51系列单片机
  51   1      
  52   1              SBUF = i;
  53   1              while(!TI);
  54   1              TI = 0;
  55   1              //*/
C51 COMPILER V8.02   UART                                                                  05/27/2013 10:51:12 PAGE 2   

  56   1      
  57   1         /*   
  58   1                                                                                
  59   1         //该部分适用于12C5A60S2双串口单片机 
  60   1         //使用串口2 TXD RXD引脚由init_uart()函数确定P1/P4 
  61   1          
  62   1              unsigned char temp = 0;
  63   1      
  64   1              IE2     =       0x00;   //关串口2中断,es2=0
  65   1      
  66   1          S2CON = S2CON&0xFD; //B'11111101,清零串口2发送完成中断请求标志
  67   1          S2BUF   =   i;
  68   1          do
  69   1              {
  70   1                      temp = S2CON;
  71   1                      temp = temp & 0x02;
  72   1              }while(temp==0);
  73   1      
  74   1              
  75   1          S2CON       =       S2CON & 0xFD; //B'11111101,清零串口2发送完成中断请求标志
  76   1      
  77   1              IE2     =0x01;  //允许串口2中断,ES2=1
  78   1      
  79   1              */
  80   1              
  81   1      }
  82          


MODULE INFORMATION:   STATIC OVERLAYABLE
   CODE SIZE        =     25    ----
   CONSTANT SIZE    =   ----    ----
   XDATA SIZE       =   ----    ----
   PDATA SIZE       =   ----    ----
   DATA SIZE        =   ----    ----
   IDATA SIZE       =   ----    ----
   BIT SIZE         =   ----    ----
END OF MODULE INFORMATION.


C51 COMPILATION COMPLETE.  0 WARNING(S),  0 ERROR(S)
